 ### call hg attic --current
no patch active; default: default
### echo a > a.txt
### call hg addrem
adding a.txt
### call hg st
A a.txt
### call hg shelve --git -q a
### call hg attic -c
no patch active; default: a
### call hg unshelve -q
### call hg attic -c
active patch: a
user: Fred Widget <fred@example.com>
date: 0 0
parent: None
message: None
### call hg shelve -r -q -m "commit message"
### call hg attic -c
active patch: a
user: Fred Widget <fred@example.com>
date: 0 0
parent: None
message: 
commit message
### call hg shelve -r -q -m "another message" -u "test user <asdf@asdf.com>"
### call hg attic -c
active patch: a
user: test user <asdf@asdf.com>
date: 0 0
parent: None
message: 
another message
### call hg shelve -r -q -d "1 0"
### call hg attic -c
active patch: a
user: test user <asdf@asdf.com>
date: 1 0
parent: None
message: 
another message
### call hg shelve
patch a shelved
### echo b > b.txt
### call hg add
adding b.txt
### call hg shelve -m "new message" b
patch b shelved
### call hg attic -i a
user: test user <asdf@asdf.com>
date: 0 0
parent: None
message: 
another message
### call hg attic -i b
user: Fred Widget <fred@example.com>
date: 0 0
parent: None
message: 
new message
