 ### echo a > a.txt
### mkdir b
### echo b > b\b.txt
### call hg addrem
adding a.txt
adding b/b.txt
### call hg st
A a.txt
A b\b.txt
### call hg shelve -r --git -q a
### cd b
### call hg shelve --git -q -f b
### cd ..
### diff .hg\attic\a .hg\attic\b
### cd b
### call hg unshelve
patch b unshelved
### call hg st
A a.txt
A b\b.txt
