 ### echo a > a.txt
### call hg addrem
adding a.txt
### call hg st
A a.txt
### call hg shelve --git -q a
### call hg unshelve -q
### type .hg\attic\a
# HG changeset patch
# User Fred Widget <fred@example.com>
# Date 0 0
diff --git a/a.txt b/a.txt
new file mode 100644
--- /dev/null
+++ b/a.txt
@@ -0,0 +1,1 @@
+a 
### echo b >> a.txt
### call hg shelve --refresh
patch a refreshed
### type .hg\attic\a
# HG changeset patch
# User Fred Widget <fred@example.com>
# Date 0 0
diff --git a/a.txt b/a.txt
new file mode 100644
--- /dev/null
+++ b/a.txt
@@ -0,0 +1,2 @@
+a 
+b 
### call hg shelve -r -m test
patch a refreshed
### type .hg\attic\a
# HG changeset patch
# User Fred Widget <fred@example.com>
# Date 0 0
test
diff --git a/a.txt b/a.txt
new file mode 100644
--- /dev/null
+++ b/a.txt
@@ -0,0 +1,2 @@
+a 
+b 
### call hg shelve -r b
abort: a different patch is active
### call hg shelve -r -f b
patch b refreshed
