 adding default.txt
### call hg shelve (should shelve to default)
patch default shelved
adding a.txt
A a.txt
### call hg shelve --git a
patch a shelved
### call hg shelve (should fail)
abort: there is nothing to shelve
### echo asdf > asdf.txt
### call hg addrem
adding asdf.txt
### call hg shelve (should fail)
abort: you need to supply a patch name
### call hg revert -a
forgetting asdf.txt
### erase asdf.txt
### a contents
# HG changeset patch
# User Fred Widget <fred@example.com>
# Date 0 0
diff --git a/a.txt b/a.txt
new file mode 100644
--- /dev/null
+++ b/a.txt
@@ -0,0 +1,1 @@
+a 
### hg st
### end hg st
patch a unshelved
### hg st
A a.txt
### end hg st
patch a shelved
### a contents
# HG changeset patch
# User Fred Widget <fred@example.com>
# Date 0 0
diff --git a/a.txt b/a.txt
new file mode 100644
--- /dev/null
+++ b/a.txt
@@ -0,0 +1,2 @@
+a 
+b 
### unshelve
patch a unshelved
### hg st
A a.txt
### end hg st
patch a shelved
### a contents
# HG changeset patch
# User Fred Widget <fred@example.com>
# Date 0 0
diff --git a/a.txt b/a.txt
new file mode 100644
--- /dev/null
+++ b/a.txt
@@ -0,0 +1,2 @@
+a 
+b 
### unshelve
patch a unshelved
### hg st
A a.txt
### end hg st
patch a shelved
### a contents
# HG changeset patch
# User Fred Widget <fred@example.com>
# Date 0 0
commit message
diff --git a/a.txt b/a.txt
new file mode 100644
--- /dev/null
+++ b/a.txt
@@ -0,0 +1,2 @@
+a 
+b 
### unshelve
patch a unshelved
### hg st
A a.txt
### end hg st
patch a shelved
### a contents
# HG changeset patch
# User test user <asdf@asdf.com>
# Date 0 0
another message
diff --git a/a.txt b/a.txt
new file mode 100644
--- /dev/null
+++ b/a.txt
@@ -0,0 +1,2 @@
+a 
+b 
### unshelve
patch a unshelved
### hg st
A a.txt
### end hg st
patch a shelved
### a contents
# HG changeset patch
# User test user <asdf@asdf.com>
# Date 0 0
another message
diff --git a/a.txt b/a.txt
new file mode 100644
--- /dev/null
+++ b/a.txt
@@ -0,0 +1,2 @@
+a 
+b 
