 adding a.txt
adding b.txt
### hg attic
   a
 C b

